// Jest Snapshot v1, https://goo.gl/fbAQLP

exports[`IndexPage suite IndexPage should render 1`] = `
<div>
  <h1>
    Hi people
  </h1>
  <p>
    Welcome to your new Gatsby site.
  </p>
  <p>
    Now go build something great.
  </p>
  <a
    href="/page-2/"
  >
    Go to page 2
  </a>
</div>
`;
